[backblue.gif]
[fade.gif]
[index.html]
[gptchromepet.co.in/img/favicon.png]
[gptchromepet.co.in/js/modernizr-2.8.3.min.js]
[gptchromepet.co.in/img/logo-primary.png]
[gptchromepet.co.in/ARC-2025.pdf]
[gptchromepet.co.in/ADC-2025.pdf]
[gptchromepet.co.in/ICC-2025.pdf]
[gptchromepet.co.in/SGRC-2025.pdf]
[gptchromepet.co.in/IQAC-2025.pdf]
[gptchromepet.co.in/IIC-2025.pdf]
[gptchromepet.co.in/WEC-2025.pdf]
[gptchromepet.co.in/img/slider/1-11.jpg]
[gptchromepet.co.in/img/news/2020-1.jpg]
[gptchromepet.co.in/October-2024 Time Table.pdf]
[gptchromepet.co.in/img/news/2020-2.jpg]
[gptchromepet.co.in/img/news/3.jpg]
[gptchromepet.co.in/img/course/1.jpg]
[gptchromepet.co.in/img/course/4.jpg]
[gptchromepet.co.in/img/course/3.jpg]
[gptchromepet.co.in/img/course/2.jpg]
[gptchromepet.co.in/img/banner/4.jpg]
[gptchromepet.co.in/img/footer/1.jpg]
[gptchromepet.co.in/img/footer/2.jpg]
[gptchromepet.co.in/img/footer/3.jpg]
[gptchromepet.co.in/img/footer/4.jpg]
[gptchromepet.co.in/img/footer/5.jpg]
[gptchromepet.co.in/img/footer/6.jpg]
[gptchromepet.co.in/js/jquery-2.2.4.min.js]
[gptchromepet.co.in/js/plugins.js]
[gptchromepet.co.in/js/bootstrap.min.js]
[gptchromepet.co.in/js/wow.min.js]
[gptchromepet.co.in/vendor/slider/js/jquery.nivo.slider.js]
[gptchromepet.co.in/vendor/slider/home.js]
[gptchromepet.co.in/vendor/OwlCarousel/owl.carousel.min.js]
[gptchromepet.co.in/js/jquery.meanmenu.min.js]
[gptchromepet.co.in/js/jquery.scrollUp.min.js]
[gptchromepet.co.in/js/jquery.counterup.min.js]
[gptchromepet.co.in/js/waypoints.min.js]
[gptchromepet.co.in/js/jquery.countdown.min.js]
[gptchromepet.co.in/js/isotope.pkgd.min.js]
[gptchromepet.co.in/js/jquery.magnific-popup.min.js]
[gptchromepet.co.in/js/jquery.gridrotator.js]
[gptchromepet.co.in/js/main.js]
[gptchromepet.co.in/index.html]
[gptchromepet.co.in/css/normalize.css]
[gptchromepet.co.in/css/main.css]
[gptchromepet.co.in/fonts/glyphicons-halflings-regular.eot]
[gptchromepet.co.in/fonts/glyphicons-halflings-regulard41dd41d.eot]
[gptchromepet.co.in/fonts/glyphicons-halflings-regular.woff]
[gptchromepet.co.in/fonts/glyphicons-halflings-regular.ttf]
[gptchromepet.co.in/css/bootstrap.min.css]
[gptchromepet.co.in/css/animate.min.css]
[gptchromepet.co.in/fonts/fontawesome-webfont32953295.eot]
[gptchromepet.co.in/fonts/fontawesome-webfontd41dd41d.eot]
[gptchromepet.co.in/fonts/fontawesome-webfont32953295.woff]
[gptchromepet.co.in/fonts/fontawesome-webfont32953295.ttf]
[gptchromepet.co.in/css/font-awesome.min.css]
[gptchromepet.co.in/vendor/OwlCarousel/owl.video.play.png]
[gptchromepet.co.in/vendor/OwlCarousel/owl.carousel.min.css]
[gptchromepet.co.in/vendor/OwlCarousel/owl.theme.default.min.css]
[gptchromepet.co.in/css/meanmenu.min.css]
[gptchromepet.co.in/vendor/slider/css/nivo-slider.css]
[gptchromepet.co.in/vendor/slider/css/preview.css]
[gptchromepet.co.in/css/jquery.datetimepicker.css]
[gptchromepet.co.in/css/magnific-popup.css]
[gptchromepet.co.in/css/hover-min.css]
[gptchromepet.co.in/css/reImageGrid.css]
[gptchromepet.co.in/style.css]
[gptchromepet.co.in/index-2.html]
[gptchromepet.co.in/img/banner/5.jpg]
[gptchromepet.co.in/img/slider/1-4.jpg]
[gptchromepet.co.in/img/slider/1-5.jpg]
[gptchromepet.co.in/img/slider/1-6.jpg]
[gptchromepet.co.in/img/logo.png]
[gptchromepet.co.in/government_polytechnic_college_in_chrompet_about.html]
[gptchromepet.co.in/img/banner/11.png]
[gptchromepet.co.in/img/news/13.jpg]
[gptchromepet.co.in/js/select2.min.js]
[gptchromepet.co.in/vendor/noUiSlider/nouislider.min.js]
[gptchromepet.co.in/js/validator.min.js]
[gptchromepet.co.in/government_polytechnic_college_in_chrompet_admission_form.html]
[gptchromepet.co.in/government_polytechnic_college_in_chrompet_admissionform_for_direct_2nd_year.html]
[gptchromepet.co.in/sllabus/Computer Syllabus/1/30011-Communication-English-I.pdf]
[gptchromepet.co.in/sllabus/Computer Syllabus/1/30012-Engineering-Mathematics-I.pdf]
[gptchromepet.co.in/sllabus/Computer Syllabus/1/30013-Engineering-Physics-I.pdf]
[gptchromepet.co.in/sllabus/Computer Syllabus/1/30014-Engineering-Chemistry-I.pdf]
[gptchromepet.co.in/sllabus/Computer Syllabus/1/30015-Engineering-Graphics-I.pdf]
[gptchromepet.co.in/sllabus/Computer Syllabus/2/30021-Communication-English-II.pdf]
[gptchromepet.co.in/sllabus/Computer Syllabus/2/30022-Engineering-Mathematics-II.pdf]
[gptchromepet.co.in/sllabus/Computer Syllabus/2/30023-Applied-Mathematics.pdf]
[gptchromepet.co.in/sllabus/Computer Syllabus/2/30024-Engineering-Pysics-II.pdf]
[gptchromepet.co.in/sllabus/Computer Syllabus/2/30025-Engineering-Chemistry-II.pdf]
[gptchromepet.co.in/sllabus/Computer Syllabus/2/30026-Engineering-Graphics-II.pdf]
[gptchromepet.co.in/img/sidebar/4.jpg]
[gptchromepet.co.in/img/sidebar/1.png]
[gptchromepet.co.in/img/sidebar/7.jpg]
[gptchromepet.co.in/img/sidebar/3.jpg]
[gptchromepet.co.in/img/sidebar/8.jpg]
[gptchromepet.co.in/img/sidebar/2.jpg]
[gptchromepet.co.in/img/sidebar/5.jpg]
[gptchromepet.co.in/img/sidebar/6.jpg]
[gptchromepet.co.in/exam timetable/eee_ft(2).pdf]
[gptchromepet.co.in/government_polytechnic_college_in_chrompet_basic_engineering_courses_details.html]
[gptchromepet.co.in/img/course/20.jpg]
[gptchromepet.co.in/sllabus/Computer Syllabus/3/Basic Electical Technology.pdf]
[gptchromepet.co.in/sllabus/Computer Syllabus/3/C Programming.pdf]
[gptchromepet.co.in/sllabus/Computer Syllabus/3/Operating Systems.pdf]
[gptchromepet.co.in/sllabus/Computer Syllabus/4/Computer Architecture.pdf]
[gptchromepet.co.in/sllabus/Computer Syllabus/4/Computer Networks and Security.pdf]
[gptchromepet.co.in/sllabus/Computer Syllabus/4/Data Structures Uisng C.pdf]
[gptchromepet.co.in/sllabus/Computer Syllabus/4/OOP with Java.pdf]
[gptchromepet.co.in/sllabus/Computer Syllabus/5/CBT.pdf]
[gptchromepet.co.in/sllabus/Computer Syllabus/5/Elective 1 - Cloud Computing.pdf]
[gptchromepet.co.in/sllabus/Computer Syllabus/5/Elective-1- Software Engineering.pdf]
[gptchromepet.co.in/sllabus/Computer Syllabus/5/RDBMS.pdf]
[gptchromepet.co.in/sllabus/Computer Syllabus/5/Web Programming.pdf]
[gptchromepet.co.in/sllabus/Computer Syllabus/6/Computer Hardware and Servicing.pdf]
[gptchromepet.co.in/sllabus/Computer Syllabus/6/Elective -2 - Open Source Software.pdf]
[gptchromepet.co.in/sllabus/Computer Syllabus/6/Elective-2-Multimedia Systems.pdf]
[gptchromepet.co.in/sllabus/Computer Syllabus/6/Mobile Computing.pdf]
[gptchromepet.co.in/img/sidebar/13.png]
[gptchromepet.co.in/img/sidebar/10.jpg]
[gptchromepet.co.in/img/sidebar/11.jpg]
[gptchromepet.co.in/img/sidebar/9.jpg]
[gptchromepet.co.in/img/sidebar/12.jpg]
[gptchromepet.co.in/img/sidebar/14.jpg]
[gptchromepet.co.in/government_polytechnic_college_in_chrompet_cse_dept_courses_details.html]
[gptchromepet.co.in/img/banner/8.jpg]
[gptchromepet.co.in/img/course/22.png]
[gptchromepet.co.in/sllabus/ece/3/ELECTRICAL CIRCUITS AND INSTRUMENTATION.pdf]
[gptchromepet.co.in/sllabus/ece/3/ELECTRONIC DEVICES AND CIRCUITS.pdf]
[gptchromepet.co.in/sllabus/ece/4/COMMUNICATION ENGINEERING.pdf]
[gptchromepet.co.in/sllabus/ece/4/DIGITAL ELECTRONICS.pdf]
[gptchromepet.co.in/sllabus/ece/4/INDUSTRIAL ELECTRONICS.pdf]
[gptchromepet.co.in/sllabus/ece/4/LINEAR INTEGRATED CIRCUITS.pdf]
[gptchromepet.co.in/sllabus/ece/5/ADVANCED COMMUNICATION SYSTEMS.pdf]
[gptchromepet.co.in/sllabus/ece/5/DIGITAL COMMUNICATION.pdf]
[gptchromepet.co.in/sllabus/ece/5/ELECTRONIC SYSTEM DESIGN.pdf]
[gptchromepet.co.in/sllabus/ece/5/MICROCONTROLLER.pdf]
[gptchromepet.co.in/sllabus/ece/5/PROGRAMMABLE LOGIC CONTROLLERS.pdf]
[gptchromepet.co.in/sllabus/ece/5/VERY LARGE SCALE INTEGRATION.pdf]
[gptchromepet.co.in/sllabus/ece/6/BIO MEDICAL INSTRUMENTATION.pdf]
[gptchromepet.co.in/sllabus/ece/6/COMPUTER HARDWARE SERVICING AND.pdf]
[gptchromepet.co.in/sllabus/ece/6/MOBILE COMMUNICATION.pdf]
[gptchromepet.co.in/sllabus/ece/6/TEST ENGINEERING.pdf]
[gptchromepet.co.in/img/sidebar/16.png]
[gptchromepet.co.in/img/sidebar/18.jpg]
[gptchromepet.co.in/img/sidebar/19.jpg]
[gptchromepet.co.in/img/sidebar/15.jpg]
[gptchromepet.co.in/img/sidebar/17.jpg]
[gptchromepet.co.in/government_polytechnic_college_in_chrompet_ece_dept_courses_details.html]
[gptchromepet.co.in/img/banner/9.jpg]
[gptchromepet.co.in/img/course/27.png]
[gptchromepet.co.in/sllabus/eee/3/ELECTRICAL CIRCUIT THEORY.pdf]
[gptchromepet.co.in/sllabus/eee/3/ELECTRICAL MACHINES - I.pdf]
[gptchromepet.co.in/sllabus/eee/3/ELECTRONIC DEVICES & CIRCUITS.pdf]
[gptchromepet.co.in/sllabus/eee/4/DIGITAL ELECTRONICS.pdf]
[gptchromepet.co.in/sllabus/eee/4/ELECTRICAL MACHINES - II.pdf]
[gptchromepet.co.in/sllabus/eee/4/MEASUREMENTS AND INSTRUMENTS.pdf]
[gptchromepet.co.in/sllabus/eee/4/TRANSDUCERS AND SIGNAL CONDITIONERS.pdf]
[gptchromepet.co.in/sllabus/eee/5/CONTROL OF ELECTRICAL MACHINES.pdf]
[gptchromepet.co.in/sllabus/eee/5/ELECTRICAL ESTIMATION AND ENERGY AUDITING.pdf]
[gptchromepet.co.in/sllabus/eee/5/ELECTRICAL MACHINE DESIGN.pdf]
[gptchromepet.co.in/sllabus/eee/5/GENERATION, TRANSMISSION AND SWITCHGEAR.pdf]
[gptchromepet.co.in/sllabus/eee/5/MICROCONTROLLER.pdf]
[gptchromepet.co.in/sllabus/eee/5/PROGRAMMABLE LOGIC CONTROLLER.pdf]
[gptchromepet.co.in/sllabus/eee/6/BIO MEDICAL INSTRUMENTATION.pdf]
[gptchromepet.co.in/sllabus/eee/6/COMPUTER HARDWARE AND NETWORKS.pdf]
[gptchromepet.co.in/sllabus/eee/6/DISTRIBUTION AND UTILIZATION.pdf]
[gptchromepet.co.in/sllabus/eee/6/OPERATION AND MAINTENANCE OF ELECTRICAL.pdf]
[gptchromepet.co.in/sllabus/eee/6/POWER ELECTRONICS.pdf]
[gptchromepet.co.in/img/sidebar/23.jpg]
[gptchromepet.co.in/img/sidebar/21.jpg]
[gptchromepet.co.in/img/sidebar/22.jpg]
[gptchromepet.co.in/government_polytechnic_college_in_chrompet_eee_dept_courses_details.html]
[gptchromepet.co.in/img/banner/10.jpg]
[gptchromepet.co.in/img/course/23.png]
[gptchromepet.co.in/sllabus/mech/3/MACHINE DRAWING.pdf]
[gptchromepet.co.in/sllabus/mech/3/MANUFACTURING PROCESSES.pdf]
[gptchromepet.co.in/sllabus/mech/3/STRENGTH OF MATERIALS.pdf]
[gptchromepet.co.in/sllabus/mech/4/ELECTRICAL DRIVES AND CONTROL.pdf]
[gptchromepet.co.in/sllabus/mech/4/FLUID MECHANICS AND FLUID POWER.pdf]
[gptchromepet.co.in/sllabus/mech/4/HEAT POWER ENGINEERING.pdf]
[gptchromepet.co.in/sllabus/mech/4/SPECIAL MACHINES.pdf]
[gptchromepet.co.in/sllabus/mech/5/DESIGN OF MACHINE ELEMENTS.pdf]
[gptchromepet.co.in/sllabus/mech/5/ELECTIVE THEORY - PRESS TOOLS.pdf]
[gptchromepet.co.in/sllabus/mech/5/ELECTIVE THEORY -TOTAL QUALITY MANAGEMENT.pdf]
[gptchromepet.co.in/sllabus/mech/5/PROCESS PLANNING AND.pdf]
[gptchromepet.co.in/sllabus/mech/5/RENEWABLE ENERGY SOURCES AND ENGERY CONSERVATION.pdf]
[gptchromepet.co.in/sllabus/mech/5/THERMAL AND AUTOMOBILE ENGINEERING.pdf]
[gptchromepet.co.in/sllabus/mech/6/COMPUTER AIDED DESIGN AND MANUFACTURING.pdf]
[gptchromepet.co.in/sllabus/mech/6/ELECTIVE THEORY - II -MECHNICAL INSTRUMENTATION.pdf]
[gptchromepet.co.in/sllabus/mech/6/ELECTIVE THEORY - II -ROBATICS.pdf]
[gptchromepet.co.in/sllabus/mech/6/INDUSTRIAL ENGINEERING AND MANAGEMENT.pdf]
[gptchromepet.co.in/sllabus/mech/6/REFRIGERATION AND AIRCONDITIONING.pdf]
[gptchromepet.co.in/img/sidebar/27.jpg]
[gptchromepet.co.in/img/sidebar/24.jpg]
[gptchromepet.co.in/img/sidebar/124.png]
[gptchromepet.co.in/img/sidebar/25.jpg]
[gptchromepet.co.in/img/sidebar/26.jpg]
[gptchromepet.co.in/government_polytechnic_college_in_chrompet_mechanical_dept_courses_details.html]
[gptchromepet.co.in/img/banner/15.jpg]
[gptchromepet.co.in/img/event/13.jpg]
[gptchromepet.co.in/img/event/10.jpg]
[gptchromepet.co.in/img/event/11.jpg]
[gptchromepet.co.in/img/event/7.jpg]
[gptchromepet.co.in/img/event/4.png]
[gptchromepet.co.in/img/event/1.jpg]
[gptchromepet.co.in/img/event/2.jpg]
[gptchromepet.co.in/img/event/3.jpg]
[gptchromepet.co.in/government_polytechnic_college_in_chrompet_basic_engineering_staff.html]
[gptchromepet.co.in/img/event/18.png]
[gptchromepet.co.in/img/event/15.jpg]
[gptchromepet.co.in/img/event/16.jpg]
[gptchromepet.co.in/img/event/14.jpg]
[gptchromepet.co.in/img/event/17.jpg]
[gptchromepet.co.in/img/event/19.jpg]
[gptchromepet.co.in/government_polytechnic_college_in_chrompet_computer_engineering_staff.html]
[gptchromepet.co.in/img/event/22.png]
[gptchromepet.co.in/img/event/24.jpg]
[gptchromepet.co.in/img/event/20.jpg]
[gptchromepet.co.in/img/event/21.jpg]
[gptchromepet.co.in/img/event/23.jpg]
[gptchromepet.co.in/government_polytechnic_college_in_chrompet_electronics_and_communication_engineering_staff.html]
[gptchromepet.co.in/img/event/27.jpg]
[gptchromepet.co.in/img/event/25.jpg]
[gptchromepet.co.in/img/event/26.jpg]
[gptchromepet.co.in/government_polytechnic_college_in_chrompet_electrical_and_electronics_engineering_staff.html]
[gptchromepet.co.in/img/event/31.jpg]
[gptchromepet.co.in/img/event/28.jpg]
[gptchromepet.co.in/img/event/124.png]
[gptchromepet.co.in/img/event/29.jpg]
[gptchromepet.co.in/img/event/30.jpg]
[gptchromepet.co.in/government_polytechnic_college_in_chrompet_mechanical_staff.html]
[gptchromepet.co.in/img/event/32.jpg]
[gptchromepet.co.in/government_polytechnic_college_in_chrompet_office_staff.html]
[gptchromepet.co.in/img/gallery/1.png]
[gptchromepet.co.in/img/gallery/3.png]
[gptchromepet.co.in/img/gallery/5.png]
[gptchromepet.co.in/img/gallery/7.png]
[gptchromepet.co.in/img/gallery/9.png]
[gptchromepet.co.in/img/gallery/11.png]
[gptchromepet.co.in/img/gallery/13.png]
[gptchromepet.co.in/img/gallery/15.png]
[gptchromepet.co.in/government_polytechnic_college_in_chrompet_gallery.html]
[gptchromepet.co.in/img/banner/14.jpg]
[gptchromepet.co.in/img/research/16.jpg]
[gptchromepet.co.in/government_polytechnic_college_in_chrompet_other_activities.html]
[gptchromepet.co.in/Placement Cell.html]
[gptchromepet.co.in/img/Precision.jpg]
[gptchromepet.co.in/img/BKSystems.jpg]
[gptchromepet.co.in/img/K2.jpg]
[gptchromepet.co.in/img/Apollo.jpg]
[gptchromepet.co.in/img/Delphi.jpg]
[gptchromepet.co.in/img/Igarishi.jpg]
[gptchromepet.co.in/img/Tafe.jpg]
[gptchromepet.co.in/img/Zauba.jpg]
[gptchromepet.co.in/img/Enfield.jpg]
[gptchromepet.co.in/img/tvs.jpg]
[gptchromepet.co.in/img/Jayair.jpg]
[gptchromepet.co.in/img/Autotech.jpg]
[gptchromepet.co.in/Recruiters.html]
[gptchromepet.co.in/contact.html]
[gptchromepet.co.in/government_polytechnic_college_in_chrompet_faq.html]
[www.radiustheme.com/wp-content/themes/radius/images/favicon.112.delayed]
[www.radiustheme.com/wp-content/cache/busting/1/wp-content-plugins-LayerSlider-static-css-layerslider-5.6.2.css]
[www.radiustheme.com/wp-content/cache/busting/1/wp-content-plugins-affiliate-wp-assets-css-forms.min-2.1.6.css]
[www.radiustheme.com/wp-content/cache/busting/1/wp-content-plugins-bbpress-templates-default-css-bbpress-2.5.14-6684.css]
[www.radiustheme.com/wp-content/cache/busting/1/wp-content-plugins-contact-form-7-includes-css-styles-4.9.css]
[www.radiustheme.com/wp-content/cache/busting/1/wp-content-plugins-easy-digital-downloads-templates-edd.min-2.8.8.css]
[www.radiustheme.com/wp-content/plugins/smooth-scroll-up/css/scrollup.css]
[www.radiustheme.com/wp-content/plugins/smooth-scroll-up/img/scrollup.png]
[www.radiustheme.com/wp-content/plugins/edd-all-access/assets/css/styles.min.css]
[www.radiustheme.com/wp-content/plugins/edd-free-downloads/assets/js/jBox/Source/jBox.css]
[www.radiustheme.com/wp-content/cache/busting/1/wp-content-plugins-edd-free-downloads-assets-css-style-2.1.7.css]
[www.radiustheme.com/wp-content/themes/radius/css/radius-bootstrap/css/bootstrap.min.css]
[www.radiustheme.com/wp-content/themes/radius/css/radius-font-awesome/css/font-awesome.min.css]
[www.radiustheme.com/wp-content/themes/radius/css/owl.carousel.css]
[www.radiustheme.com/wp-content/themes/radius/css/animate.css]
[www.radiustheme.com/wp-content/themes/radius/css/owl.theme.css]
[www.radiustheme.com/wp-content/themes/radius/css/owl.transitions.css]
[www.radiustheme.com/wp-content/themes/radius/style.css]
[www.radiustheme.com/wp-content/cache/busting/1/wp-content-plugins-js_composer-assets-css-js_composer.min-5.2.1.css]
[www.radiustheme.com/wp-content/cache/busting/1/wp-content-plugins-ubermenu-pro-assets-css-ubermenu.min-3.2.1.1.css]
[www.radiustheme.com/wp-content/cache/busting/1/wp-content-plugins-ubermenu-assets-css-fontawesome-css-font-awesome.min-4.3.css]
[www.radiustheme.com/wp-content/cache/busting/1/wp-content-plugins-easy-fancybox-fancybox-jquery.fancybox-1.3.8.min-1.6.css]
[www.radiustheme.com/wp-content/plugins/LayerSlider/static/js/greensockcd11.js]
[www.radiustheme.com/wp-content/cache/busting/1/wp-includes-js-jquery-jquery-1.12.4.js]
[www.radiustheme.com/wp-content/cache/busting/1/wp-includes-js-jquery-jquery-migrate.min-1.4.1.js]
[www.radiustheme.com/wp-content/cache/busting/1/wp-content-plugins-LayerSlider-static-js-layerslider.kreaturamedia.jquery-5.6.2.js]
[www.radiustheme.com/wp-content/cache/busting/1/wp-content-plugins-LayerSlider-static-js-layerslider.transitions-5.6.2.js]
[www.radiustheme.com/wp-content/cache/busting/1/wp-content-plugins-affiliate-wp-assets-js-jquery.cookie.min-1.4.0.js]
[www.radiustheme.com/wp-content/cache/busting/1/wp-content-plugins-affiliate-wp-assets-js-tracking.min-2.1.6.js]
[www.radiustheme.com/wp-content/plugins/edd-free-downloads/assets/js/isMobile.js]
[www.radiustheme.com/wp-content/plugins/edd-free-downloads/assets/js/jBox/Source/jBox.min.js]
[www.radiustheme.com/wp-content/cache/busting/1/wp-content-plugins-edd-free-downloads-assets-js-edd-free-downloads-2.1.7.js]
[www.radiustheme.com/wp-content/plugins/wp-rocket/inc/front/js/lazyload.1.0.5.min.js]
[www.radiustheme.com/wp-content/themes/radius/images/logo.png]
[radiustheme.com/wp-content/uploads/2016/04/theme_forest_profile.png]
[radiustheme.com/wp-content/uploads/2016/03/2copayment.png]
[www.radiustheme.com/wp-content/cache/busting/1/wp-content-plugins-bbpress-templates-default-js-editor-2.5.14-6684.js]
[www.radiustheme.com/wp-content/cache/busting/1/wp-content-plugins-contact-form-7-includes-js-scripts-4.9.js]
[www.radiustheme.com/wp-content/plugins/easy-digital-downloads/assets/js/edd-ajax.min292d.js]
[www.radiustheme.com/wp-content/plugins/smooth-scroll-up/js/jquery.scrollUp.min.js]
[www.radiustheme.com/wp-content/themes/radius/css/radius-bootstrap/js/bootstrap.min.js]
[www.radiustheme.com/wp-content/themes/radius/js/owl.carousel.js]
[www.radiustheme.com/wp-content/themes/radius/js/wow.min.js]
[www.radiustheme.com/wp-content/themes/radius/js/custom.js]
[www.radiustheme.com/wp-content/cache/busting/1/wp-content-plugins-ubermenu-assets-js-ubermenu.min-3.2.1.1.js]
[www.radiustheme.com/wp-includes/js/wp-embed.min.js]
[www.radiustheme.com/wp-content/cache/busting/1/wp-content-plugins-easy-fancybox-fancybox-jquery.fancybox-1.3.8.min-1.6.141.delayed]
[www.radiustheme.com/wp-content/cache/busting/1/wp-content-plugins-easy-fancybox-js-jquery.easing.min-1.4.0.js]
[www.radiustheme.com/wp-content/cache/busting/1/wp-content-plugins-easy-fancybox-js-jquery.mousewheel.min-3.1.13.js]
[www.google-analytics.com/analytics.js]
[gptchromepet.co.in/Phone(01)800433633.html]
[gptchromepet.co.in/fonts/glyphicons-halflings-regular.html]
[gptchromepet.co.in/fonts/glyphicons-halflings-regular.svg]
[gptchromepet.co.in/fonts/fontawesome-webfont32953295.html]
[gptchromepet.co.in/fonts/fontawesome-webfont32953295.svg]
[gptchromepet.co.in/css/select2.min.css]
[gptchromepet.co.in/vendor/noUiSlider/nouislider.min.css]
[gptchromepet.co.in/sllabus/ece/3/PROGRAMMING IN í¦Cí¦.html]
[gptchromepet.co.in/sllabus/ece/6/Elective Theory ¿C II TELEVISION ENGINEERING.html]
[gptchromepet.co.in/img/gallery/30.html]
[gptchromepet.co.in/img/gallery/31.html]
[gptchromepet.co.in/img/gallery/32.html]
[www.radiustheme.com/wp-content/themes/radius/images/favicon.html]
[www.radiustheme.com/wp-content/cache/busting/1/wp-content-plugins-LayerSlider-static-css-layerslider-5.6.2.html]
[www.radiustheme.com/wp-content/cache/busting/1/wp-content-plugins-affiliate-wp-assets-css-forms.min-2.1.6.html]
[www.radiustheme.com/wp-content/cache/busting/1/wp-content-plugins-bbpress-templates-default-css-bbpress-2.5.14-6684.html]
[www.radiustheme.com/wp-content/cache/busting/1/wp-content-plugins-contact-form-7-includes-css-styles-4.9.html]
[www.radiustheme.com/wp-content/cache/busting/1/wp-content-plugins-easy-digital-downloads-templates-edd.min-2.8.8.html]
[www.radiustheme.com/wp-content/plugins/smooth-scroll-up/css/scrollup.html]
[www.radiustheme.com/wp-content/plugins/smooth-scroll-up/img/scrollup.html]
[www.radiustheme.com/wp-content/plugins/edd-all-access/assets/css/styles.min.html]
[www.radiustheme.com/wp-content/plugins/edd-free-downloads/assets/js/jBox/Source/jBox.html]
[www.radiustheme.com/wp-content/cache/busting/1/wp-content-plugins-edd-free-downloads-assets-css-style-2.1.7.html]
[www.radiustheme.com/wp-content/themes/radius/css/radius-bootstrap/css/bootstrap.min.html]
[www.radiustheme.com/wp-content/themes/radius/css/radius-font-awesome/css/font-awesome.min.html]
[www.radiustheme.com/wp-content/themes/radius/css/owl.carousel.html]
[www.radiustheme.com/wp-content/themes/radius/css/animate.html]
[www.radiustheme.com/wp-content/themes/radius/css/owl.theme.html]
[www.radiustheme.com/wp-content/themes/radius/css/owl.transitions.html]
[www.radiustheme.com/wp-content/themes/radius/style.html]
[www.radiustheme.com/wp-content/cache/busting/1/wp-content-plugins-js_composer-assets-css-js_composer.min-5.2.1.html]
[www.radiustheme.com/wp-content/cache/busting/1/wp-content-plugins-ubermenu-pro-assets-css-ubermenu.min-3.2.1.1.html]
[www.radiustheme.com/wp-content/cache/busting/1/wp-content-plugins-ubermenu-assets-css-fontawesome-css-font-awesome.min-4.3.html]
[www.radiustheme.com/wp-content/cache/busting/1/wp-content-plugins-easy-fancybox-fancybox-jquery.fancybox-1.3.8.min-1.6.html]
[www.radiustheme.com/wp-content/plugins/LayerSlider/static/js/greensockcd11.html]
[www.radiustheme.com/wp-content/cache/busting/1/wp-includes-js-jquery-jquery-1.12.4.html]
[www.radiustheme.com/wp-content/cache/busting/1/wp-includes-js-jquery-jquery-migrate.min-1.4.1.html]
[www.radiustheme.com/wp-content/cache/busting/1/wp-content-plugins-LayerSlider-static-js-layerslider.kreaturamedia.jquery-5.6.2.html]
[www.radiustheme.com/wp-content/cache/busting/1/wp-content-plugins-LayerSlider-static-js-layerslider.transitions-5.6.2.html]
[www.radiustheme.com/wp-content/cache/busting/1/wp-content-plugins-affiliate-wp-assets-js-jquery.cookie.min-1.4.0.html]
[www.radiustheme.com/wp-content/cache/busting/1/wp-content-plugins-affiliate-wp-assets-js-tracking.min-2.1.6.html]
[www.radiustheme.com/wp-content/plugins/edd-free-downloads/assets/js/isMobile.html]
[www.radiustheme.com/wp-content/plugins/edd-free-downloads/assets/js/jBox/Source/jBox.min.html]
[www.radiustheme.com/wp-content/cache/busting/1/wp-content-plugins-edd-free-downloads-assets-js-edd-free-downloads-2.1.7.html]
[www.radiustheme.com/wp-content/plugins/wp-rocket/inc/front/js/lazyload.1.0.5.min.html]
[www.radiustheme.com/wp-content/themes/radius/images/logo.html]
[www.radiustheme.com/wp-content/cache/busting/1/wp-content-plugins-bbpress-templates-default-js-editor-2.5.14-6684.html]
[www.radiustheme.com/wp-content/cache/busting/1/wp-content-plugins-contact-form-7-includes-js-scripts-4.9.html]
[www.radiustheme.com/wp-content/plugins/easy-digital-downloads/assets/js/edd-ajax.min292d.html]
[www.radiustheme.com/wp-content/plugins/smooth-scroll-up/js/jquery.scrollUp.min.html]
[www.radiustheme.com/wp-content/themes/radius/css/radius-bootstrap/js/bootstrap.min.html]
[www.radiustheme.com/wp-content/themes/radius/js/owl.carousel.html]
[www.radiustheme.com/wp-content/themes/radius/js/wow.min.html]
[www.radiustheme.com/wp-content/themes/radius/js/custom.html]
[www.radiustheme.com/wp-content/cache/busting/1/wp-content-plugins-ubermenu-assets-js-ubermenu.min-3.2.1.1.html]
[www.radiustheme.com/wp-content/cache/busting/1/wp-content-plugins-easy-fancybox-fancybox-jquery.fancybox-1.3.8.min-1.6-2.html]
[www.radiustheme.com/wp-content/cache/busting/1/wp-content-plugins-easy-fancybox-js-jquery.easing.min-1.4.0.html]
[www.radiustheme.com/wp-content/cache/busting/1/wp-content-plugins-easy-fancybox-js-jquery.mousewheel.min-3.1.13.html]
